<?xml version="1.0" encoding="UTF-8"?>
<testsuites name="jest tests" tests="1" failures="0" errors="0" time="2.083">
  <testsuite name="undefined" errors="0" failures="0" skipped="0" timestamp="2022-01-06T19:16:19" time="0.856" tests="1">
    <testcase classname=" Should show the landing page" name=" Should show the landing page" time="0.059">
    </testcase>
  </testsuite>
</testsuites>